\BOOKMARK [1][-]{section.1}{\376\377\000E\000i\000n\000l\000e\000i\000t\000u\000n\000g}{}% 1
\BOOKMARK [1][-]{section.2}{\376\377\000E\000n\000t\000w\000i\000c\000k\000l\000u\000n\000g}{}% 2
\BOOKMARK [2][-]{subsection.2.1}{\376\377\000e\000r\000s\000t\000e\000\040\000S\000c\000h\000r\000i\000t\000t\000t\000e}{section.2}% 3
\BOOKMARK [3][-]{subsubsection.2.1.1}{\376\377\000V\000e\000r\000w\000e\000n\000d\000u\000n\000g\000\040\000d\000e\000r\000\040\000V\000G\000A\000\040\000S\000c\000h\000n\000i\000t\000t\000s\000t\000e\000l\000l\000e}{subsection.2.1}% 4
\BOOKMARK [3][-]{subsubsection.2.1.2}{\376\377\000V\000e\000r\000w\000e\000n\000d\000u\000n\000g\000\040\000d\000e\000r\000\040\000i\000n\000t\000e\000r\000n\000e\000n\000\040\000A\000D\000C\000s}{subsection.2.1}% 5
\BOOKMARK [1][-]{section.3}{\376\377\000Q\000u\000e\000l\000l\000e\000n\000\040\000u\000n\000d\000\040\000H\000i\000l\000f\000s\000m\000i\000t\000t\000e\000l}{}% 6
